protected
Research
Oxytocin
Cortisol
Paracetamol
Cardiology
appointment
February
treatment
hospital
commonly
providing
Pregnancy
Saturday
Copyright
Laboratory
Departments
Insurance
Template
tooplate
surgeons
Balanced
referred
response
APPOINTMENT
Department
Additional
location
affiliated
Lifestyle
professionals
establishing
maintaining
qualified
physicians
committed
tailored
specific
requirements
customised
Exercise
healthier
official
Medicalmedical
researchers
specialists
together
medicine
pressing
findings
medicines
treatments
President
Weronika
multidisciplinary
Phillips
alleviate
nutrition
reliever
Benefits
clinical
innovative
situations
stressful
connections
reaction
released
technology
experience
vestibulum
porttitor
imperdiet
placerat
vehicula
Technology
Vestibulum
vulputate
Consultant
venenatis
eleifend
Phasellus
molestie
Facebook
maecenas
Suspendisse
dignissim
voluptate
Introducing
Categories
pharetra
Curabitur
consequat
ultricies
pulvinar
facilisis
lobortis
Maecenas
tincidunt
volutpat
fringilla
pellentesque
condimentum
interdum
Professional
thmredteam
